INFO:root:Veri account_move tablosundan Excel dosyas\u0131na ba\u015far\u0131yla yaz\u0131ld\u0131.
INFO:root:Veri account_move tablosundan Excel dosyas\u0131na ba\u015far\u0131yla yaz\u0131ld\u0131.
INFO:root:Veri account_move tablosundan Excel dosyas\u0131na ba\u015far\u0131yla yaz\u0131ld\u0131.
INFO:root:Excel dosyas\u0131ndan veri ba\u015far\u0131yla okundu:
   id  sequence_number  ...  medium_id  team_id
0   1                1  ...        NaN        1
1   2                2  ...        NaN        1
2   8                1  ...        NaN        1
3   6                2  ...        NaN        1

[4 rows x 65 columns]
INFO:root:Veri account_move tablosundan Excel dosyas\u0131na ba\u015far\u0131yla yaz\u0131ld\u0131.
ERROR:root:Hata: 'OptionEngine' object has no attribute 'execute'
ERROR:root:Hata: 'OptionEngine' object has no attribute 'execute'
ERROR:root:Hata: 'OptionEngine' object has no attribute 'execute'
INFO:root:Veri account_move tablosundan Excel dosyas\u0131na ba\u015far\u0131yla yaz\u0131ld\u0131.
INFO:root:Veri account_move tablosundan Excel dosyas\u0131na ba\u015far\u0131yla yaz\u0131ld\u0131.
INFO:root:Veri account_move tablosundan Excel dosyas\u0131na ba\u015far\u0131yla yaz\u0131ld\u0131.
ERROR:root:Hata: duplicate key value violates unique constraint "account_move_pkey"
DETAIL:  Key (id)=(1) already exists.

ERROR:root:Hata: INSERT has more expressions than target columns
LINE 1: ...52','1832615.52','1832615.52','0','False','False','False','T...
                                                             ^

ERROR:root:Hata: duplicate key value violates unique constraint "account_move_pkey"
DETAIL:  Key (id)=(1) already exists.

ERROR:root:Hata: INSERT has more expressions than target columns
LINE 1: ...52','1832615.52','1832615.52','0','False','False','False','T...
                                                             ^

ERROR:root:Hata: duplicate key value violates unique constraint "account_move_pkey"
DETAIL:  Key (id)=(1) already exists.

ERROR:root:Hata: INSERT has more expressions than target columns
LINE 1: ...52','1832615.52','1832615.52','0','False','False','False','T...
                                                             ^

ERROR:root:Hata: duplicate key value violates unique constraint "account_move_pkey"
DETAIL:  Key (id)=(1) already exists.

ERROR:root:Hata: INSERT has more expressions than target columns
LINE 1: ...52','1832615.52','1832615.52','0','False','False','False','T...
                                                             ^

ERROR:root:Hata: duplicate key value violates unique constraint "account_move_pkey"
DETAIL:  Key (id)=(1) already exists.

ERROR:root:Hata: INSERT has more expressions than target columns
LINE 1: ...52','1832615.52','1832615.52','0','False','False','False','T...
                                                             ^

ERROR:root:Hata: duplicate key value violates unique constraint "account_move_pkey"
DETAIL:  Key (id)=(1) already exists.

